================================================================
RSR demo — IEEE 118-bus DC-OPF blackout reliability
================================================================
  Resources:   GPUs=cuda:0,cuda:1  CPU workers=48  (visible: 2 GPU, 24 CPU)
  Dataset:     /scratch/n74/hxr547/rsr/demos/ieee118_blackout/../../../network-datasets/datasets/ieee118/v1
  Components:  304 (54 generator buses, 64 ordinary buses, 186 branches)
  Max states:  4   Device: cuda:0
  Threshold:   13.8% blackout → system failure
DC-OPF sfun ready: 118 buses, 54 generators, 186 branches
  All operational: blackout=  0.00%  sys_st=1
  All failed:      blackout=100.00%  sys_st=0
  Certificates: LP survival boxes + dual failure cuts (cert_lib)

SuS -> cut pipeline: 5 run(s), 1000 samples/level, p0=0.1 ...
[SuS] Level 0 (prior MC): N=1000, fail_samples=0, fval range=[0, 11.02]
[SuS] Level 1: threshold fval=3.925, n_seeds=100, failures_in_seeds=0/100
[SuS] Level 2: threshold fval=7.487, n_seeds=100, failures_in_seeds=0/100
[SuS] Level 3: threshold fval=10.77, n_seeds=100, failures_in_seeds=0/100
[SuS] Level 4: threshold fval=11.63, n_seeds=100, failures_in_seeds=0/100
[SuS] Level 5: threshold fval=13.3, n_seeds=100, failures_in_seeds=29/100
[SuS] Level 6: threshold fval=14.59, n_seeds=100, failures_in_seeds=100/100
[SuS] Done: levels=6, terminated_by=failure_boundary, failed_samples=334, sfun_calls=5500
[SuS] Level 0 (prior MC): N=1000, fail_samples=0, fval range=[0, 9.521]
[SuS] Level 1: threshold fval=3.746, n_seeds=100, failures_in_seeds=0/100
[SuS] Level 2: threshold fval=7.126, n_seeds=100, failures_in_seeds=0/100
[SuS] Level 3: threshold fval=9.172, n_seeds=100, failures_in_seeds=0/100
[SuS] Level 4: threshold fval=10.67, n_seeds=100, failures_in_seeds=6/100
[SuS] Level 5: threshold fval=12.65, n_seeds=100, failures_in_seeds=53/100
[SuS] Level 6: threshold fval=16.95, n_seeds=100, failures_in_seeds=100/100
[SuS] Done: levels=6, terminated_by=failure_boundary, failed_samples=516, sfun_calls=5500
[SuS] Level 0 (prior MC): N=1000, fail_samples=0, fval range=[0, 11.14]
[SuS] Level 1: threshold fval=3.518, n_seeds=100, failures_in_seeds=0/100
[SuS] Level 2: threshold fval=7.22, n_seeds=100, failures_in_seeds=0/100
[SuS] Level 3: threshold fval=9.597, n_seeds=100, failures_in_seeds=0/100
[SuS] Level 4: threshold fval=11.14, n_seeds=100, failures_in_seeds=1/100
[SuS] Level 5: threshold fval=13.03, n_seeds=100, failures_in_seeds=13/100
[SuS] Level 6: threshold fval=14.06, n_seeds=100, failures_in_seeds=100/100
[SuS] Done: levels=6, terminated_by=failure_boundary, failed_samples=131, sfun_calls=5500
[SuS] Level 0 (prior MC): N=1000, fail_samples=0, fval range=[0, 11.67]
[SuS] Level 1: threshold fval=3.973, n_seeds=100, failures_in_seeds=0/100
[SuS] Level 2: threshold fval=8.218, n_seeds=100, failures_in_seeds=0/100
[SuS] Level 3: threshold fval=10.17, n_seeds=100, failures_in_seeds=0/100
[SuS] Level 4: threshold fval=11.67, n_seeds=100, failures_in_seeds=0/100
[SuS] Level 5: threshold fval=12.8, n_seeds=100, failures_in_seeds=20/100
[SuS] Level 6: threshold fval=14.41, n_seeds=100, failures_in_seeds=100/100
[SuS] Done: levels=6, terminated_by=failure_boundary, failed_samples=178, sfun_calls=5500
[SuS] Level 0 (prior MC): N=1000, fail_samples=0, fval range=[0, 9.972]
[SuS] Level 1: threshold fval=3.327, n_seeds=100, failures_in_seeds=0/100
[SuS] Level 2: threshold fval=7.157, n_seeds=100, failures_in_seeds=0/100
[SuS] Level 3: threshold fval=9.763, n_seeds=100, failures_in_seeds=0/100
[SuS] Level 4: threshold fval=10.31, n_seeds=100, failures_in_seeds=0/100
[SuS] Level 5: threshold fval=11.96, n_seeds=100, failures_in_seeds=14/100
[SuS] Level 6: threshold fval=14.02, n_seeds=100, failures_in_seeds=100/100
[SuS] Done: levels=6, terminated_by=failure_boundary, failed_samples=127, sfun_calls=5500
[SuS->cuts] 5 run(s), levels=[6, 6, 6, 6, 6], 27532 sfun calls; 1286 failed states (568 unique, 341 already certified) -> 32 cuts (32 refined), 195 relaxation gaps, 259 LP solves

Extracting survival / failure rules (unknown gap < 1e-06 [abs])...

Resuming with 42 failure cuts from cert_full_v2/failure_cuts_0.pkl
Resuming from checkpoint in cert_full_v2: 100017 survival + 11 failure references
Parallel mode: 48 CPU workers for sfun + minimization
Multi-GPU mode: sampling across ['cuda:0', 'cuda:1']
---
Round: 1, Unk. prob.: 1.000e+00
Upper probs: 0.000e+00, Lower probs: 0.000e+00
No. of non-dominant refs: 100028, Survival refs: 100017, Failure refs: 11
Batch update: 48 refs added, 0 existing refs removed (0 new refs dominated)
Survival: 48 refs added, 0 removed (from 48 certificates)
---
Round: 2, Unk. prob.: 2.603e-01
Upper probs: 7.397e-01, Lower probs: 3.000e-05
No. of non-dominant refs: 100076, Survival refs: 100065, Failure refs: 11
Batch update: 48 refs added, 0 existing refs removed (0 new refs dominated)
Survival: 48 refs added, 0 removed (from 48 certificates)
---
Round: 3, Unk. prob.: 2.629e-01
Upper probs: 7.370e-01, Lower probs: 4.000e-05
No. of non-dominant refs: 100124, Survival refs: 100113, Failure refs: 11
Batch update: 48 refs added, 0 existing refs removed (0 new refs dominated)
Survival: 48 refs added, 0 removed (from 48 certificates)
---
Round: 4, Unk. prob.: 2.650e-01
Upper probs: 7.350e-01, Lower probs: 2.000e-05
No. of non-dominant refs: 100172, Survival refs: 100161, Failure refs: 11
Batch update: 48 refs added, 0 existing refs removed (0 new refs dominated)
Survival: 48 refs added, 0 removed (from 48 certificates)
---
Round: 5, Unk. prob.: 2.624e-01
Upper probs: 7.376e-01, Lower probs: 2.000e-05
No. of non-dominant refs: 100220, Survival refs: 100209, Failure refs: 11
Batch update: 48 refs added, 0 existing refs removed (0 new refs dominated)
Survival: 48 refs added, 0 removed (from 48 certificates)
---
Round: 6, Unk. prob.: 2.619e-01
Upper probs: 7.381e-01, Lower probs: 0.000e+00
No. of non-dominant refs: 100268, Survival refs: 100257, Failure refs: 11
Batch update: 48 refs added, 1 existing refs removed (0 new refs dominated)
Survival: 48 refs added, 1 removed (from 48 certificates)
---
Round: 7, Unk. prob.: 2.604e-01
Upper probs: 7.395e-01, Lower probs: 4.000e-05
No. of non-dominant refs: 100315, Survival refs: 100304, Failure refs: 11
Batch update: 48 refs added, 0 existing refs removed (0 new refs dominated)
Survival: 48 refs added, 0 removed (from 48 certificates)
---
Round: 8, Unk. prob.: 2.622e-01
Upper probs: 7.377e-01, Lower probs: 3.000e-05
No. of non-dominant refs: 100363, Survival refs: 100352, Failure refs: 11
Batch update: 48 refs added, 0 existing refs removed (0 new refs dominated)
Survival: 48 refs added, 0 removed (from 48 certificates)
---
Round: 9, Unk. prob.: 2.607e-01
Upper probs: 7.393e-01, Lower probs: 1.000e-05
No. of non-dominant refs: 100411, Survival refs: 100400, Failure refs: 11
Batch update: 48 refs added, 0 existing refs removed (0 new refs dominated)
Survival: 48 refs added, 0 removed (from 48 certificates)
---
Round: 10, Unk. prob.: 2.615e-01
Upper probs: 7.385e-01, Lower probs: 1.000e-05
No. of non-dominant refs: 100459, Survival refs: 100448, Failure refs: 11
Batch update: 48 refs added, 0 existing refs removed (0 new refs dominated)
Survival: 48 refs added, 0 removed (from 48 certificates)
---
Round: 11, Unk. prob.: 2.629e-01
Upper probs: 7.370e-01, Lower probs: 7.000e-05
No. of non-dominant refs: 100507, Survival refs: 100496, Failure refs: 11
Batch update: 48 refs added, 0 existing refs removed (0 new refs dominated)
Survival: 48 refs added, 0 removed (from 48 certificates)
---
Round: 12, Unk. prob.: 2.620e-01
Upper probs: 7.379e-01, Lower probs: 5.000e-05
No. of non-dominant refs: 100555, Survival refs: 100544, Failure refs: 11
Batch update: 48 refs added, 0 existing refs removed (0 new refs dominated)
Survival: 48 refs added, 0 removed (from 48 certificates)
---
Round: 13, Unk. prob.: 2.619e-01
Upper probs: 7.380e-01, Lower probs: 6.000e-05
No. of non-dominant refs: 100603, Survival refs: 100592, Failure refs: 11
Batch update: 48 refs added, 0 existing refs removed (0 new refs dominated)
Survival: 48 refs added, 0 removed (from 48 certificates)
---
Round: 14, Unk. prob.: 2.603e-01
Upper probs: 7.397e-01, Lower probs: 2.000e-05
No. of non-dominant refs: 100651, Survival refs: 100640, Failure refs: 11
Batch update: 48 refs added, 0 existing refs removed (0 new refs dominated)
Survival: 48 refs added, 0 removed (from 48 certificates)
---
Round: 15, Unk. prob.: 2.616e-01
Upper probs: 7.384e-01, Lower probs: 1.000e-05
No. of non-dominant refs: 100699, Survival refs: 100688, Failure refs: 11
Batch update: 48 refs added, 0 existing refs removed (0 new refs dominated)
Survival: 48 refs added, 0 removed (from 48 certificates)
---
Round: 16, Unk. prob.: 2.621e-01
Upper probs: 7.379e-01, Lower probs: 2.000e-05
No. of non-dominant refs: 100747, Survival refs: 100736, Failure refs: 11
Batch update: 48 refs added, 0 existing refs removed (0 new refs dominated)
Survival: 48 refs added, 0 removed (from 48 certificates)
---
Round: 17, Unk. prob.: 2.623e-01
Upper probs: 7.376e-01, Lower probs: 2.000e-05
No. of non-dominant refs: 100795, Survival refs: 100784, Failure refs: 11
Batch update: 48 refs added, 0 existing refs removed (0 new refs dominated)
Survival: 48 refs added, 0 removed (from 48 certificates)
---
Round: 18, Unk. prob.: 2.632e-01
Upper probs: 7.368e-01, Lower probs: 4.000e-05
No. of non-dominant refs: 100843, Survival refs: 100832, Failure refs: 11
Batch update: 48 refs added, 2 existing refs removed (0 new refs dominated)
Survival: 48 refs added, 2 removed (from 48 certificates)
---
Round: 19, Unk. prob.: 2.617e-01
Upper probs: 7.382e-01, Lower probs: 2.000e-05
No. of non-dominant refs: 100889, Survival refs: 100878, Failure refs: 11
Batch update: 48 refs added, 0 existing refs removed (0 new refs dominated)
Survival: 48 refs added, 0 removed (from 48 certificates)
---
Round: 20, Unk. prob.: 2.605e-01
Upper probs: 7.395e-01, Lower probs: 4.000e-05
No. of non-dominant refs: 100937, Survival refs: 100926, Failure refs: 11
Batch update: 48 refs added, 1 existing refs removed (0 new refs dominated)
Survival: 48 refs added, 1 removed (from 48 certificates)
---
Round: 21, Unk. prob.: 2.626e-01
Upper probs: 7.374e-01, Lower probs: 1.000e-05
No. of non-dominant refs: 100984, Survival refs: 100973, Failure refs: 11
Batch update: 48 refs added, 0 existing refs removed (0 new refs dominated)
Survival: 48 refs added, 0 removed (from 48 certificates)
---
Round: 22, Unk. prob.: 2.624e-01
Upper probs: 7.376e-01, Lower probs: 2.000e-05
No. of non-dominant refs: 101032, Survival refs: 101021, Failure refs: 11
Batch update: 48 refs added, 0 existing refs removed (0 new refs dominated)
Survival: 48 refs added, 0 removed (from 48 certificates)
---
Round: 23, Unk. prob.: 2.616e-01
Upper probs: 7.384e-01, Lower probs: 3.000e-05
No. of non-dominant refs: 101080, Survival refs: 101069, Failure refs: 11
Batch update: 48 refs added, 1 existing refs removed (0 new refs dominated)
Survival: 48 refs added, 1 removed (from 48 certificates)
---
Round: 24, Unk. prob.: 2.624e-01
Upper probs: 7.376e-01, Lower probs: 2.000e-05
No. of non-dominant refs: 101127, Survival refs: 101116, Failure refs: 11
Batch update: 48 refs added, 0 existing refs removed (0 new refs dominated)
Survival: 48 refs added, 0 removed (from 48 certificates)
---
Round: 25, Unk. prob.: 2.563e-01
Upper probs: 7.437e-01, Lower probs: 3.000e-05
No. of non-dominant refs: 101175, Survival refs: 101164, Failure refs: 11
Batch update: 48 refs added, 0 existing refs removed (0 new refs dominated)
Survival: 48 refs added, 0 removed (from 48 certificates)
---
Round: 26, Unk. prob.: 2.627e-01
Upper probs: 7.372e-01, Lower probs: 4.000e-05
No. of non-dominant refs: 101223, Survival refs: 101212, Failure refs: 11
Batch update: 48 refs added, 0 existing refs removed (0 new refs dominated)
Survival: 48 refs added, 0 removed (from 48 certificates)
---
Round: 27, Unk. prob.: 2.636e-01
Upper probs: 7.363e-01, Lower probs: 5.000e-05
No. of non-dominant refs: 101271, Survival refs: 101260, Failure refs: 11
Batch update: 48 refs added, 1 existing refs removed (0 new refs dominated)
Survival: 48 refs added, 1 removed (from 48 certificates)
---
Round: 28, Unk. prob.: 2.594e-01
Upper probs: 7.405e-01, Lower probs: 2.000e-05
No. of non-dominant refs: 101318, Survival refs: 101307, Failure refs: 11
Batch update: 48 refs added, 0 existing refs removed (0 new refs dominated)
Survival: 48 refs added, 0 removed (from 48 certificates)
---
Round: 29, Unk. prob.: 2.614e-01
Upper probs: 7.386e-01, Lower probs: 4.000e-05
No. of non-dominant refs: 101366, Survival refs: 101355, Failure refs: 11
Batch update: 48 refs added, 0 existing refs removed (0 new refs dominated)
Survival: 48 refs added, 0 removed (from 48 certificates)
---
Round: 30, Unk. prob.: 2.631e-01
Upper probs: 7.369e-01, Lower probs: 4.000e-05
No. of non-dominant refs: 101414, Survival refs: 101403, Failure refs: 11
Batch update: 48 refs added, 0 existing refs removed (0 new refs dominated)
Survival: 48 refs added, 0 removed (from 48 certificates)
---
Round: 31, Unk. prob.: 2.627e-01
Upper probs: 7.372e-01, Lower probs: 1.000e-05
No. of non-dominant refs: 101462, Survival refs: 101451, Failure refs: 11
Batch update: 48 refs added, 0 existing refs removed (0 new refs dominated)
Survival: 48 refs added, 0 removed (from 48 certificates)
---
Round: 32, Unk. prob.: 2.622e-01
Upper probs: 7.378e-01, Lower probs: 2.000e-05
No. of non-dominant refs: 101510, Survival refs: 101499, Failure refs: 11
Batch update: 48 refs added, 0 existing refs removed (0 new refs dominated)
Survival: 48 refs added, 0 removed (from 48 certificates)
---
Round: 33, Unk. prob.: 2.609e-01
Upper probs: 7.390e-01, Lower probs: 3.000e-05
No. of non-dominant refs: 101558, Survival refs: 101547, Failure refs: 11
Batch update: 48 refs added, 0 existing refs removed (0 new refs dominated)
Survival: 48 refs added, 0 removed (from 48 certificates)
---
Round: 34, Unk. prob.: 2.600e-01
Upper probs: 7.400e-01, Lower probs: 5.000e-05
No. of non-dominant refs: 101606, Survival refs: 101595, Failure refs: 11
Batch update: 48 refs added, 1 existing refs removed (0 new refs dominated)
Survival: 48 refs added, 1 removed (from 48 certificates)
---
Round: 35, Unk. prob.: 2.606e-01
Upper probs: 7.394e-01, Lower probs: 1.000e-05
No. of non-dominant refs: 101653, Survival refs: 101642, Failure refs: 11
Batch update: 48 refs added, 2 existing refs removed (0 new refs dominated)
Survival: 48 refs added, 2 removed (from 48 certificates)
---
Round: 36, Unk. prob.: 2.631e-01
Upper probs: 7.368e-01, Lower probs: 5.000e-05
No. of non-dominant refs: 101699, Survival refs: 101688, Failure refs: 11
Batch update: 48 refs added, 0 existing refs removed (0 new refs dominated)
Survival: 48 refs added, 0 removed (from 48 certificates)
---
Round: 37, Unk. prob.: 2.620e-01
Upper probs: 7.380e-01, Lower probs: 5.000e-05
No. of non-dominant refs: 101747, Survival refs: 101736, Failure refs: 11
Batch update: 48 refs added, 0 existing refs removed (0 new refs dominated)
Survival: 48 refs added, 0 removed (from 48 certificates)
---
Round: 38, Unk. prob.: 2.615e-01
Upper probs: 7.384e-01, Lower probs: 5.000e-05
No. of non-dominant refs: 101795, Survival refs: 101784, Failure refs: 11
Batch update: 48 refs added, 0 existing refs removed (0 new refs dominated)
Survival: 48 refs added, 0 removed (from 48 certificates)
---
Round: 39, Unk. prob.: 2.605e-01
Upper probs: 7.395e-01, Lower probs: 2.000e-05
No. of non-dominant refs: 101843, Survival refs: 101832, Failure refs: 11
Batch update: 48 refs added, 0 existing refs removed (0 new refs dominated)
Survival: 48 refs added, 0 removed (from 48 certificates)
---
Round: 40, Unk. prob.: 2.622e-01
Upper probs: 7.378e-01, Lower probs: 3.000e-05
No. of non-dominant refs: 101891, Survival refs: 101880, Failure refs: 11
Batch update: 48 refs added, 0 existing refs removed (0 new refs dominated)
Survival: 48 refs added, 0 removed (from 48 certificates)
---
Round: 41, Unk. prob.: 2.632e-01
Upper probs: 7.368e-01, Lower probs: 1.000e-05
No. of non-dominant refs: 101939, Survival refs: 101928, Failure refs: 11
Batch update: 48 refs added, 1 existing refs removed (0 new refs dominated)
Survival: 48 refs added, 1 removed (from 48 certificates)
---
Round: 42, Unk. prob.: 2.573e-01
Upper probs: 7.427e-01, Lower probs: 2.000e-05
No. of non-dominant refs: 101986, Survival refs: 101975, Failure refs: 11
Batch update: 48 refs added, 0 existing refs removed (0 new refs dominated)
Survival: 48 refs added, 0 removed (from 48 certificates)
---
Round: 43, Unk. prob.: 2.624e-01
Upper probs: 7.376e-01, Lower probs: 2.000e-05
No. of non-dominant refs: 102034, Survival refs: 102023, Failure refs: 11
Batch update: 48 refs added, 0 existing refs removed (0 new refs dominated)
Survival: 48 refs added, 0 removed (from 48 certificates)
---
Round: 44, Unk. prob.: 2.614e-01
Upper probs: 7.386e-01, Lower probs: 3.000e-05
No. of non-dominant refs: 102082, Survival refs: 102071, Failure refs: 11
Batch update: 48 refs added, 0 existing refs removed (0 new refs dominated)
Survival: 48 refs added, 0 removed (from 48 certificates)
---
Round: 45, Unk. prob.: 2.605e-01
Upper probs: 7.395e-01, Lower probs: 1.000e-05
No. of non-dominant refs: 102130, Survival refs: 102119, Failure refs: 11
Batch update: 48 refs added, 0 existing refs removed (0 new refs dominated)
Survival: 48 refs added, 0 removed (from 48 certificates)
---
Round: 46, Unk. prob.: 2.624e-01
Upper probs: 7.376e-01, Lower probs: 7.000e-05
No. of non-dominant refs: 102178, Survival refs: 102167, Failure refs: 11
Batch update: 48 refs added, 0 existing refs removed (0 new refs dominated)
Survival: 48 refs added, 0 removed (from 48 certificates)
---
Round: 47, Unk. prob.: 2.620e-01
Upper probs: 7.380e-01, Lower probs: 0.000e+00
No. of non-dominant refs: 102226, Survival refs: 102215, Failure refs: 11
Batch update: 48 refs added, 0 existing refs removed (0 new refs dominated)
Survival: 48 refs added, 0 removed (from 48 certificates)
---
Round: 48, Unk. prob.: 2.602e-01
Upper probs: 7.398e-01, Lower probs: 3.000e-05
No. of non-dominant refs: 102274, Survival refs: 102263, Failure refs: 11
Batch update: 48 refs added, 0 existing refs removed (0 new refs dominated)
Survival: 48 refs added, 0 removed (from 48 certificates)
---
Round: 49, Unk. prob.: 2.587e-01
Upper probs: 7.413e-01, Lower probs: 3.000e-05
No. of non-dominant refs: 102322, Survival refs: 102311, Failure refs: 11
Batch update: 48 refs added, 0 existing refs removed (0 new refs dominated)
Survival: 48 refs added, 0 removed (from 48 certificates)
---
Round: 50, Unk. prob.: 2.615e-01
Upper probs: 7.384e-01, Lower probs: 5.000e-05
No. of non-dominant refs: 102370, Survival refs: 102359, Failure refs: 11
Batch update: 48 refs added, 1 existing refs removed (0 new refs dominated)
Survival: 48 refs added, 1 removed (from 48 certificates)
---
Round: 51, Unk. prob.: 2.596e-01
Upper probs: 7.404e-01, Lower probs: 2.000e-05
No. of non-dominant refs: 102417, Survival refs: 102406, Failure refs: 11
Batch update: 48 refs added, 0 existing refs removed (0 new refs dominated)
Survival: 48 refs added, 0 removed (from 48 certificates)
---
Round: 52, Unk. prob.: 2.604e-01
Upper probs: 7.396e-01, Lower probs: 4.000e-05
No. of non-dominant refs: 102465, Survival refs: 102454, Failure refs: 11
Batch update: 47 refs added, 0 existing refs removed (0 new refs dominated)
Survival: 47 refs added, 0 removed (from 47 certificates)
Batch update: 1 refs added, 0 existing refs removed (0 new refs dominated)
Failure: 1 refs added, 0 removed (from 1 candidates)
---
Round: 53, Unk. prob.: 2.626e-01
Upper probs: 7.374e-01, Lower probs: 4.000e-05
No. of non-dominant refs: 102513, Survival refs: 102501, Failure refs: 12
Batch update: 48 refs added, 2 existing refs removed (0 new refs dominated)
Survival: 48 refs added, 2 removed (from 48 certificates)
---
Round: 54, Unk. prob.: 2.617e-01
Upper probs: 7.383e-01, Lower probs: 4.000e-05
No. of non-dominant refs: 102559, Survival refs: 102547, Failure refs: 12
Batch update: 48 refs added, 0 existing refs removed (0 new refs dominated)
Survival: 48 refs added, 0 removed (from 48 certificates)
---
Round: 55, Unk. prob.: 2.619e-01
Upper probs: 7.381e-01, Lower probs: 4.000e-05
No. of non-dominant refs: 102607, Survival refs: 102595, Failure refs: 12
Batch update: 48 refs added, 0 existing refs removed (0 new refs dominated)
Survival: 48 refs added, 0 removed (from 48 certificates)
---
Round: 56, Unk. prob.: 2.604e-01
Upper probs: 7.396e-01, Lower probs: 5.000e-05
No. of non-dominant refs: 102655, Survival refs: 102643, Failure refs: 12
Batch update: 48 refs added, 0 existing refs removed (0 new refs dominated)
Survival: 48 refs added, 0 removed (from 48 certificates)
---
Round: 57, Unk. prob.: 2.598e-01
Upper probs: 7.402e-01, Lower probs: 2.000e-05
No. of non-dominant refs: 102703, Survival refs: 102691, Failure refs: 12
Batch update: 48 refs added, 0 existing refs removed (0 new refs dominated)
Survival: 48 refs added, 0 removed (from 48 certificates)
---
Round: 58, Unk. prob.: 2.623e-01
Upper probs: 7.377e-01, Lower probs: 0.000e+00
No. of non-dominant refs: 102751, Survival refs: 102739, Failure refs: 12
Batch update: 48 refs added, 0 existing refs removed (0 new refs dominated)
Survival: 48 refs added, 0 removed (from 48 certificates)
---
Round: 59, Unk. prob.: 2.575e-01
Upper probs: 7.425e-01, Lower probs: 4.000e-05
No. of non-dominant refs: 102799, Survival refs: 102787, Failure refs: 12
Batch update: 48 refs added, 0 existing refs removed (0 new refs dominated)
Survival: 48 refs added, 0 removed (from 48 certificates)
---
Round: 60, Unk. prob.: 2.603e-01
Upper probs: 7.396e-01, Lower probs: 2.000e-05
No. of non-dominant refs: 102847, Survival refs: 102835, Failure refs: 12
Batch update: 48 refs added, 0 existing refs removed (0 new refs dominated)
Survival: 48 refs added, 0 removed (from 48 certificates)
---
Round: 61, Unk. prob.: 2.620e-01
Upper probs: 7.380e-01, Lower probs: 1.000e-05
No. of non-dominant refs: 102895, Survival refs: 102883, Failure refs: 12
Batch update: 48 refs added, 1 existing refs removed (0 new refs dominated)
Survival: 48 refs added, 1 removed (from 48 certificates)
---
Round: 62, Unk. prob.: 2.588e-01
Upper probs: 7.412e-01, Lower probs: 2.000e-05
No. of non-dominant refs: 102942, Survival refs: 102930, Failure refs: 12
Batch update: 48 refs added, 0 existing refs removed (0 new refs dominated)
Survival: 48 refs added, 0 removed (from 48 certificates)
---
Round: 63, Unk. prob.: 2.626e-01
Upper probs: 7.374e-01, Lower probs: 2.000e-05
No. of non-dominant refs: 102990, Survival refs: 102978, Failure refs: 12
Batch update: 48 refs added, 0 existing refs removed (0 new refs dominated)
Survival: 48 refs added, 0 removed (from 48 certificates)
---
Round: 64, Unk. prob.: 2.599e-01
Upper probs: 7.401e-01, Lower probs: 2.000e-05
No. of non-dominant refs: 103038, Survival refs: 103026, Failure refs: 12
Batch update: 48 refs added, 0 existing refs removed (0 new refs dominated)
Survival: 48 refs added, 0 removed (from 48 certificates)
---
Round: 65, Unk. prob.: 2.635e-01
Upper probs: 7.364e-01, Lower probs: 6.000e-05
No. of non-dominant refs: 103086, Survival refs: 103074, Failure refs: 12
Batch update: 48 refs added, 1 existing refs removed (0 new refs dominated)
Survival: 48 refs added, 1 removed (from 48 certificates)
---
Round: 66, Unk. prob.: 2.594e-01
Upper probs: 7.406e-01, Lower probs: 6.000e-05
No. of non-dominant refs: 103133, Survival refs: 103121, Failure refs: 12
Batch update: 48 refs added, 0 existing refs removed (0 new refs dominated)
Survival: 48 refs added, 0 removed (from 48 certificates)
---
Round: 67, Unk. prob.: 2.615e-01
Upper probs: 7.385e-01, Lower probs: 1.000e-05
No. of non-dominant refs: 103181, Survival refs: 103169, Failure refs: 12
Batch update: 48 refs added, 0 existing refs removed (0 new refs dominated)
Survival: 48 refs added, 0 removed (from 48 certificates)
---
Round: 68, Unk. prob.: 2.595e-01
Upper probs: 7.405e-01, Lower probs: 3.000e-05
No. of non-dominant refs: 103229, Survival refs: 103217, Failure refs: 12
Batch update: 48 refs added, 0 existing refs removed (0 new refs dominated)
Survival: 48 refs added, 0 removed (from 48 certificates)
---
Round: 69, Unk. prob.: 2.592e-01
Upper probs: 7.408e-01, Lower probs: 1.000e-05
No. of non-dominant refs: 103277, Survival refs: 103265, Failure refs: 12
Batch update: 48 refs added, 2 existing refs removed (0 new refs dominated)
Survival: 48 refs added, 2 removed (from 48 certificates)
---
Round: 70, Unk. prob.: 2.582e-01
Upper probs: 7.417e-01, Lower probs: 5.000e-05
No. of non-dominant refs: 103323, Survival refs: 103311, Failure refs: 12
Batch update: 48 refs added, 0 existing refs removed (0 new refs dominated)
Survival: 48 refs added, 0 removed (from 48 certificates)
---
Round: 71, Unk. prob.: 2.619e-01
Upper probs: 7.381e-01, Lower probs: 0.000e+00
No. of non-dominant refs: 103371, Survival refs: 103359, Failure refs: 12
Batch update: 48 refs added, 1 existing refs removed (0 new refs dominated)
Survival: 48 refs added, 1 removed (from 48 certificates)
---
Round: 72, Unk. prob.: 2.592e-01
Upper probs: 7.408e-01, Lower probs: 3.000e-05
No. of non-dominant refs: 103418, Survival refs: 103406, Failure refs: 12
Batch update: 48 refs added, 0 existing refs removed (0 new refs dominated)
Survival: 48 refs added, 0 removed (from 48 certificates)
---
Round: 73, Unk. prob.: 2.606e-01
Upper probs: 7.393e-01, Lower probs: 4.000e-05
No. of non-dominant refs: 103466, Survival refs: 103454, Failure refs: 12
Batch update: 48 refs added, 0 existing refs removed (0 new refs dominated)
Survival: 48 refs added, 0 removed (from 48 certificates)
---
Round: 74, Unk. prob.: 2.602e-01
Upper probs: 7.398e-01, Lower probs: 4.000e-05
No. of non-dominant refs: 103514, Survival refs: 103502, Failure refs: 12
Batch update: 48 refs added, 0 existing refs removed (0 new refs dominated)
Survival: 48 refs added, 0 removed (from 48 certificates)
---
Round: 75, Unk. prob.: 2.614e-01
Upper probs: 7.386e-01, Lower probs: 2.000e-05
No. of non-dominant refs: 103562, Survival refs: 103550, Failure refs: 12
Batch update: 48 refs added, 0 existing refs removed (0 new refs dominated)
Survival: 48 refs added, 0 removed (from 48 certificates)
---
Round: 76, Unk. prob.: 2.609e-01
Upper probs: 7.391e-01, Lower probs: 2.000e-05
No. of non-dominant refs: 103610, Survival refs: 103598, Failure refs: 12
Batch update: 48 refs added, 0 existing refs removed (0 new refs dominated)
Survival: 48 refs added, 0 removed (from 48 certificates)
---
Round: 77, Unk. prob.: 2.590e-01
Upper probs: 7.409e-01, Lower probs: 4.000e-05
No. of non-dominant refs: 103658, Survival refs: 103646, Failure refs: 12
Batch update: 48 refs added, 0 existing refs removed (0 new refs dominated)
Survival: 48 refs added, 0 removed (from 48 certificates)
---
Round: 78, Unk. prob.: 2.630e-01
Upper probs: 7.370e-01, Lower probs: 3.000e-05
No. of non-dominant refs: 103706, Survival refs: 103694, Failure refs: 12
Batch update: 48 refs added, 0 existing refs removed (0 new refs dominated)
Survival: 48 refs added, 0 removed (from 48 certificates)
---
Round: 79, Unk. prob.: 2.600e-01
Upper probs: 7.400e-01, Lower probs: 4.000e-05
No. of non-dominant refs: 103754, Survival refs: 103742, Failure refs: 12
Batch update: 48 refs added, 1 existing refs removed (0 new refs dominated)
Survival: 48 refs added, 1 removed (from 48 certificates)
---
Round: 80, Unk. prob.: 2.589e-01
Upper probs: 7.411e-01, Lower probs: 5.000e-05
No. of non-dominant refs: 103801, Survival refs: 103789, Failure refs: 12
Batch update: 48 refs added, 0 existing refs removed (0 new refs dominated)
Survival: 48 refs added, 0 removed (from 48 certificates)
---
Round: 81, Unk. prob.: 2.602e-01
Upper probs: 7.397e-01, Lower probs: 3.000e-05
No. of non-dominant refs: 103849, Survival refs: 103837, Failure refs: 12
Batch update: 48 refs added, 0 existing refs removed (0 new refs dominated)
Survival: 48 refs added, 0 removed (from 48 certificates)
---
Round: 82, Unk. prob.: 2.617e-01
Upper probs: 7.383e-01, Lower probs: 3.000e-05
No. of non-dominant refs: 103897, Survival refs: 103885, Failure refs: 12
Batch update: 48 refs added, 2 existing refs removed (0 new refs dominated)
Survival: 48 refs added, 2 removed (from 48 certificates)
---
Round: 83, Unk. prob.: 2.574e-01
Upper probs: 7.426e-01, Lower probs: 2.000e-05
No. of non-dominant refs: 103943, Survival refs: 103931, Failure refs: 12
Batch update: 48 refs added, 0 existing refs removed (0 new refs dominated)
Survival: 48 refs added, 0 removed (from 48 certificates)
---
Round: 84, Unk. prob.: 2.588e-01
Upper probs: 7.412e-01, Lower probs: 5.000e-05
No. of non-dominant refs: 103991, Survival refs: 103979, Failure refs: 12
Batch update: 48 refs added, 0 existing refs removed (0 new refs dominated)
Survival: 48 refs added, 0 removed (from 48 certificates)
---
Round: 85, Unk. prob.: 2.589e-01
Upper probs: 7.411e-01, Lower probs: 1.000e-05
No. of non-dominant refs: 104039, Survival refs: 104027, Failure refs: 12
Batch update: 48 refs added, 1 existing refs removed (0 new refs dominated)
Survival: 48 refs added, 1 removed (from 48 certificates)
---
Round: 86, Unk. prob.: 2.606e-01
Upper probs: 7.394e-01, Lower probs: 3.000e-05
No. of non-dominant refs: 104086, Survival refs: 104074, Failure refs: 12
Batch update: 48 refs added, 0 existing refs removed (0 new refs dominated)
Survival: 48 refs added, 0 removed (from 48 certificates)
---
Round: 87, Unk. prob.: 2.606e-01
Upper probs: 7.394e-01, Lower probs: 0.000e+00
No. of non-dominant refs: 104134, Survival refs: 104122, Failure refs: 12
Batch update: 48 refs added, 1 existing refs removed (0 new refs dominated)
Survival: 48 refs added, 1 removed (from 48 certificates)
---
Round: 88, Unk. prob.: 2.581e-01
Upper probs: 7.419e-01, Lower probs: 2.000e-05
No. of non-dominant refs: 104181, Survival refs: 104169, Failure refs: 12
Batch update: 48 refs added, 1 existing refs removed (0 new refs dominated)
Survival: 48 refs added, 1 removed (from 48 certificates)
---
Round: 89, Unk. prob.: 2.586e-01
Upper probs: 7.413e-01, Lower probs: 5.000e-05
No. of non-dominant refs: 104228, Survival refs: 104216, Failure refs: 12
Batch update: 48 refs added, 0 existing refs removed (0 new refs dominated)
Survival: 48 refs added, 0 removed (from 48 certificates)
---
Round: 90, Unk. prob.: 2.600e-01
Upper probs: 7.400e-01, Lower probs: 4.000e-05
No. of non-dominant refs: 104276, Survival refs: 104264, Failure refs: 12
Batch update: 48 refs added, 0 existing refs removed (0 new refs dominated)
Survival: 48 refs added, 0 removed (from 48 certificates)
---
Round: 91, Unk. prob.: 2.598e-01
Upper probs: 7.402e-01, Lower probs: 3.000e-05
No. of non-dominant refs: 104324, Survival refs: 104312, Failure refs: 12
Batch update: 48 refs added, 0 existing refs removed (0 new refs dominated)
Survival: 48 refs added, 0 removed (from 48 certificates)
---
Round: 92, Unk. prob.: 2.625e-01
Upper probs: 7.374e-01, Lower probs: 6.000e-05
No. of non-dominant refs: 104372, Survival refs: 104360, Failure refs: 12
Batch update: 48 refs added, 0 existing refs removed (0 new refs dominated)
Survival: 48 refs added, 0 removed (from 48 certificates)
---
Round: 93, Unk. prob.: 2.592e-01
Upper probs: 7.407e-01, Lower probs: 2.000e-05
No. of non-dominant refs: 104420, Survival refs: 104408, Failure refs: 12
Batch update: 48 refs added, 0 existing refs removed (0 new refs dominated)
Survival: 48 refs added, 0 removed (from 48 certificates)
---
Round: 94, Unk. prob.: 2.588e-01
Upper probs: 7.412e-01, Lower probs: 1.000e-05
No. of non-dominant refs: 104468, Survival refs: 104456, Failure refs: 12
Batch update: 48 refs added, 1 existing refs removed (0 new refs dominated)
Survival: 48 refs added, 1 removed (from 48 certificates)
---
Round: 95, Unk. prob.: 2.575e-01
Upper probs: 7.425e-01, Lower probs: 1.000e-05
No. of non-dominant refs: 104515, Survival refs: 104503, Failure refs: 12
Batch update: 48 refs added, 0 existing refs removed (0 new refs dominated)
Survival: 48 refs added, 0 removed (from 48 certificates)
---
Round: 96, Unk. prob.: 2.584e-01
Upper probs: 7.416e-01, Lower probs: 3.000e-05
No. of non-dominant refs: 104563, Survival refs: 104551, Failure refs: 12
Batch update: 48 refs added, 0 existing refs removed (0 new refs dominated)
Survival: 48 refs added, 0 removed (from 48 certificates)
---
Round: 97, Unk. prob.: 2.613e-01
Upper probs: 7.387e-01, Lower probs: 2.000e-05
No. of non-dominant refs: 104611, Survival refs: 104599, Failure refs: 12
Batch update: 48 refs added, 0 existing refs removed (0 new refs dominated)
Survival: 48 refs added, 0 removed (from 48 certificates)
---
Round: 98, Unk. prob.: 2.578e-01
Upper probs: 7.421e-01, Lower probs: 4.000e-05
No. of non-dominant refs: 104659, Survival refs: 104647, Failure refs: 12
Batch update: 48 refs added, 0 existing refs removed (0 new refs dominated)
Survival: 48 refs added, 0 removed (from 48 certificates)
---
Round: 99, Unk. prob.: 2.607e-01
Upper probs: 7.392e-01, Lower probs: 5.000e-05
No. of non-dominant refs: 104707, Survival refs: 104695, Failure refs: 12
Batch update: 48 refs added, 0 existing refs removed (0 new refs dominated)
Survival: 48 refs added, 0 removed (from 48 certificates)
---
Round: 100, Unk. prob.: 2.615e-01
Upper probs: 7.385e-01, Lower probs: 3.000e-05
No. of non-dominant refs: 104755, Survival refs: 104743, Failure refs: 12
Batch update: 48 refs added, 0 existing refs removed (0 new refs dominated)
Survival: 48 refs added, 0 removed (from 48 certificates)
---
Round: 101, Unk. prob.: 2.620e-01
Upper probs: 7.380e-01, Lower probs: 3.000e-05
No. of non-dominant refs: 104803, Survival refs: 104791, Failure refs: 12
Batch update: 48 refs added, 0 existing refs removed (0 new refs dominated)
Survival: 48 refs added, 0 removed (from 48 certificates)
---
Round: 102, Unk. prob.: 2.590e-01
Upper probs: 7.409e-01, Lower probs: 4.000e-05
No. of non-dominant refs: 104851, Survival refs: 104839, Failure refs: 12
Batch update: 48 refs added, 1 existing refs removed (0 new refs dominated)
Survival: 48 refs added, 1 removed (from 48 certificates)
---
Round: 103, Unk. prob.: 2.598e-01
Upper probs: 7.402e-01, Lower probs: 3.000e-05
No. of non-dominant refs: 104898, Survival refs: 104886, Failure refs: 12
Batch update: 48 refs added, 0 existing refs removed (0 new refs dominated)
Survival: 48 refs added, 0 removed (from 48 certificates)
---
Round: 104, Unk. prob.: 2.594e-01
Upper probs: 7.405e-01, Lower probs: 4.000e-05
No. of non-dominant refs: 104946, Survival refs: 104934, Failure refs: 12
Batch update: 48 refs added, 0 existing refs removed (0 new refs dominated)
Survival: 48 refs added, 0 removed (from 48 certificates)
---
Round: 105, Unk. prob.: 2.612e-01
Upper probs: 7.388e-01, Lower probs: 4.000e-05
No. of non-dominant refs: 104994, Survival refs: 104982, Failure refs: 12
Batch update: 48 refs added, 0 existing refs removed (0 new refs dominated)
Survival: 48 refs added, 0 removed (from 48 certificates)
Reached max_refs (105000): 105030 upper + 12 lower. Terminating.
---
[Final results] Probs: 'upper':  7.403e-01, 'lower':  3.190e-05, 'unkn':  2.597e-01

================================================================
RESULTS
================================================================
  Runtime:            911.1s   (105030 survival rules, 12 failure rules)
  P(blackout):        3.190e-05   (bounds: [3.190e-05, 2.597e-01], gap 2.6e-01)
  P(survival):        0.7403
  Reference (paper):  p_f ~ 1.0e-04

  12 minimal cut-sets (failure modes).
  Single points of failure: none
  Smallest failure modes:
    - {vbus45≤0, vbus59≤0, vbus74≤1, vbus80≤0, br116≤0}
    - {vbus31≤0, vbus54≤0, vbus89≤0, vbus90≤0, vbus116≤0}
    - {vbus59≤0, vbus78≤0, vbus85≤1, vbus89≤0, vbus92≤1}
    - {vbus42≤0, vbus59≤0, vbus85≤1, vbus89≤0, vbus90≤2}
    - {vbus27≤0, vbus59≤0, vbus89≤0, vbus92≤2, vbus96≤0}
    - {vbus42≤0, vbus76≤1, vbus77≤1, vbus80≤0, vbus89≤0, vbus90≤1}
    - {vbus46≤0, vbus74≤1, vbus77≤1, vbus80≤0, vbus85≤0, vbus116≤0, br145≤0}
    - {vbus40≤0, vbus55≤0, vbus74≤1, vbus80≤0, vbus85≤2, vbus89≤0, vbus92≤2, vbus104≤0}

  Most critical components:
    vbus89   in  8 cut-sets (min size 5)
    vbus59   in  6 cut-sets (min size 5)
    vbus80   in  6 cut-sets (min size 5)
    vbus74   in  5 cut-sets (min size 5)
    vbus90   in  5 cut-sets (min size 5)
    vbus116  in  5 cut-sets (min size 5)
    vbus92   in  5 cut-sets (min size 5)
    vbus85   in  4 cut-sets (min size 5)

  Saved: cert_full_v2/reliability.json
         cert_full_v2/critical_components.csv

Hybrid estimate: 10,000,000 MC samples against 105030 survival + 12 failure rules + 74 cuts ...

[hybrid] 1,000,000/10,000,000 samples  sfun 259,992  fails 100 (32 cert + 68 sfun)  p_hat 1.000e-04  111s elapsed, eta 1001s
[hybrid] 2,000,000/10,000,000 samples  sfun 519,378  fails 206 (74 cert + 132 sfun)  p_hat 1.030e-04  222s elapsed, eta 886s
[hybrid] 3,000,000/10,000,000 samples  sfun 779,288  fails 294 (112 cert + 182 sfun)  p_hat 9.800e-05  332s elapsed, eta 776s
[hybrid] 4,000,000/10,000,000 samples  sfun 1,038,538  fails 394 (146 cert + 248 sfun)  p_hat 9.850e-05  443s elapsed, eta 664s
[hybrid] 5,000,000/10,000,000 samples  sfun 1,298,450  fails 482 (178 cert + 304 sfun)  p_hat 9.640e-05  553s elapsed, eta 553s
[hybrid] 6,000,000/10,000,000 samples  sfun 1,558,778  fails 584 (214 cert + 370 sfun)  p_hat 9.733e-05  664s elapsed, eta 442s
[hybrid] 7,000,000/10,000,000 samples  sfun 1,818,554  fails 680 (252 cert + 428 sfun)  p_hat 9.714e-05  774s elapsed, eta 332s
[hybrid] 8,000,000/10,000,000 samples  sfun 2,079,204  fails 788 (294 cert + 494 sfun)  p_hat 9.850e-05  885s elapsed, eta 221s
[hybrid] 9,000,000/10,000,000 samples  sfun 2,338,132  fails 894 (328 cert + 566 sfun)  p_hat 9.933e-05  996s elapsed, eta 111s
[hybrid] 10,000,000/10,000,000 samples  sfun 2,598,328  fails 992 (362 cert + 630 sfun)  p_hat 9.920e-05  1106s elapsed, eta 0s

================================================================
HYBRID ESTIMATE (rules + Monte Carlo on the residual)
================================================================
  P(blackout):        9.920e-05   (95% CI [9.322e-05, 1.056e-04], 992 failures)
  Reference (paper):  p_f ~ 1.0e-04
  Free classification: 74.0% of samples (2,598,328 sfun calls for the rest)
  Failures:           362 rule-certified + 630 from sfun
  Runtime:            1106.6s (sfun 963.8s)

  Saved: cert_full_v2/hybrid.json
