================================================================
RSR demo — ACTIVSg2000 DC-OPF blackout reliability
================================================================
  Resources:   GPUs=cpu  CPU workers=128  (visible: 0 GPU, 128 CPU)
  Dataset:     /scratch/n74/hxr547/rsr/demos/activsg2000_blackout/../../../network-datasets/datasets/ACTIVSg2000/v1
  Components:  5206 (485 generator buses, 1515 ordinary buses, 3206 branches)
  Max states:  4   Device: cpu
  Threshold:   6.0% blackout → system failure
DC-OPF sfun ready: 2000 buses, 485 generators, 3206 branches
  All operational: blackout=  0.00%  sys_st=1
  All failed:      blackout=100.00%  sys_st=0
  Certificates: LP survival boxes + dual failure cuts (cert_lib)

SuS -> cut pipeline: 2 run(s), 800 samples/level, p0=0.1 ...
[SuS] Level 0 (prior MC): N=800, fail_samples=0, fval range=[0.0691, 4.74]
[SuS] Level 1: threshold fval=1.958, n_seeds=80, failures_in_seeds=0/80
[SuS] Level 2: threshold fval=3.292, n_seeds=80, failures_in_seeds=0/80
[SuS] Level 3: threshold fval=4.738, n_seeds=80, failures_in_seeds=0/80
[SuS] Level 4: threshold fval=4.792, n_seeds=80, failures_in_seeds=0/80
[SuS] Level 5: threshold fval=5.038, n_seeds=80, failures_in_seeds=0/80
[SuS] Level 6: threshold fval=5.209, n_seeds=80, failures_in_seeds=0/80
[SuS] Level 7: threshold fval=5.528, n_seeds=80, failures_in_seeds=0/80
[SuS] Level 8: threshold fval=5.573, n_seeds=80, failures_in_seeds=0/80
[SuS] Level 9: threshold fval=5.835, n_seeds=80, failures_in_seeds=3/80
[SuS] Level 10: threshold fval=5.946, n_seeds=80, failures_in_seeds=35/80
[SuS] Done: levels=10, terminated_by=max_levels, failed_samples=390, sfun_calls=8000
[SuS] Level 0 (prior MC): N=800, fail_samples=0, fval range=[0.1508, 5.082]
[SuS] Level 1: threshold fval=1.983, n_seeds=80, failures_in_seeds=0/80
[SuS] Level 2: threshold fval=2.914, n_seeds=80, failures_in_seeds=0/80
[SuS] Level 3: threshold fval=5.077, n_seeds=80, failures_in_seeds=0/80
[SuS] Level 4: threshold fval=5.107, n_seeds=80, failures_in_seeds=0/80
[SuS] Level 5: threshold fval=5.588, n_seeds=80, failures_in_seeds=0/80
[SuS] Level 6: threshold fval=5.744, n_seeds=80, failures_in_seeds=0/80
[SuS] Level 7: threshold fval=5.856, n_seeds=80, failures_in_seeds=6/80
[SuS] Level 8: threshold fval=6.002, n_seeds=80, failures_in_seeds=80/80
[SuS] Done: levels=8, terminated_by=failure_boundary, failed_samples=82, sfun_calls=5840
[SuS->cuts] 2 run(s), levels=[10, 8], 13840 sfun calls; 472 failed states (152 unique, 0 already certified) -> 0 cuts (0 refined), 152 relaxation gaps, 152 LP solves

Extracting survival / failure rules (unknown gap < 1e-06 [abs])...

Parallel mode: 128 CPU workers for sfun + minimization
---
Round: 1, Unk. prob.: 1.000e+00
Upper probs: 0.000e+00, Lower probs: 0.000e+00
No. of non-dominant refs: 0, Survival refs: 0, Failure refs: 0
